// Jest Snapshot v1, https://goo.gl/fbAQLP

exports[`ToggleButton - toMatchSnapshot 1`] = `
<div>
  <button
    onClick={[Function]}
  >
    ON
  </button>
</div>
`;
