// Jest Snapshot v1, https://goo.gl/fbAQLP

exports[`ToDoList - toMatchSnapshot 1`] = `
<div>
  <form
    onSubmit={[Function]}
  >
    <input
      onChange={[Function]}
      value=""
    />
    <button
      type="submit"
    >
      Add
    </button>
  </form>
  <ul />
</div>
`;
